Mmc_CAST10_H36.variant8	Mus_musculus_castaneus
Mmc_CAST1_H12.variant8_tHaplSubset.fa	Mus_musculus_castaneus
Mmc_CAST2_H14.variant8_tHaplSubset.fa	Mus_musculus_castaneus
Mmc_CAST4_H24.variant8	Mus_musculus_castaneus
Mmc_CAST6_H27.variant8_tHaplSubset.fa	Mus_musculus_castaneus
Mmc_CAST9_H34.variant8	Mus_musculus_castaneus
Mmd_FRA1_14.variant	Mus_musculus_domesticus
Mmd_FRA4_18B.variant	Mus_musculus_domesticus
Mmd_FRA6_C1.variant_tHaplSubset.fa	Mus_musculus_domesticus
Mmd_FRA7_E1.variant	Mus_musculus_domesticus
Mmd_FRA8_F1B.variant_tHaplSubset.fa	Mus_musculus_domesticus
Mmd_GER6_TP51D.variant2_tHaplSubset.fa	Mus_musculus_domesticus
Mmm_AFG4_424.variant7	Mus_musculus_musculus
Mmm_CZE1_CR12.variant5_tHaplSubset.fa	Mus_musculus_musculus
Mmm_CZE2_CR13.variant5_tHaplSubset.fa	Mus_musculus_musculus
Mmm_CZE4_CR23.variant5_tHaplSubset.fa	Mus_musculus_musculus
Mmm_CZE8_CR59.variant5	Mus_musculus_musculus
Mmm_KAZ6_AL40.variant6	Mus_musculus_musculus
Ms_SPRE3_SP41.variant9	Mus_spretus
Ms_SPRE4_SP51.variant9	Mus_spretus
Ms_SPRE7_SP69.variant9	Mus_spretus
