Mmc_CAST1_H12.variant8_tHaplSubset.fa	Mus_musculus_castaneus
Mmc_CAST2_H14.variant8_tHaplSubset.fa	Mus_musculus_castaneus
Mmc_CAST3_H15.variant8	Mus_musculus_castaneus
Mmc_CAST6_H27.variant8_tHaplSubset.fa	Mus_musculus_castaneus
Mmc_CAST7_H28.variant8	Mus_musculus_castaneus
Mmc_CAST9_H34.variant8	Mus_musculus_castaneus
Mmd_FRA1_14.variant	Mus_musculus_domesticus
Mmd_FRA5_B2C.variant_tHaplSubset.fa	Mus_musculus_domesticus
Mmd_FRA6_C1.variant_tHaplSubset.fa	Mus_musculus_domesticus
Mmd_GER4_TP3-92.variant2	Mus_musculus_domesticus
Mmd_GER6_TP51D.variant2_tHaplSubset.fa	Mus_musculus_domesticus
Mmd_GER8_TP81B.variant2	Mus_musculus_domesticus
Mmm_AFG3_416.variant7_tHaplSubset.fa	Mus_musculus_musculus
Mmm_AFG4_424.variant7	Mus_musculus_musculus
Mmm_CZE1_CR12.variant5_tHaplSubset.fa	Mus_musculus_musculus
Mmm_CZE2_CR13.variant5_tHaplSubset.fa	Mus_musculus_musculus
Mmm_KAZ4_AL33.variant6	Mus_musculus_musculus
Mmm_KAZ8_AL42.variant6	Mus_musculus_musculus
Ms_SPRE3_SP41.variant9	Mus_spretus
Ms_SPRE5_SP62.variant9	Mus_spretus
Ms_SPRE8_SP70.variant9	Mus_spretus
